src/pages/Dashboard.tsx(106,66): error TS2345: Argument of type '"this_month"' is not assignable to parameter of type 'DateFilterType | (() => DateFilterType)'.
